// Vitest Snapshot v1, https://vitest.dev/guide/snapshot.html

exports[`component - wechat > basic opt 1`] = `
"{
  \\"properties\\": {
    \\"ss\\": {
      \\"type\\": \\"[function String]\\",
      \\"value\\": \\"ssabc\\"
    },
    \\"value\\": {
      \\"type\\": \\"[function Number]\\",
      \\"value\\": 1234
    },
    \\"bbb\\": {
      \\"type\\": \\"[function Boolean]\\",
      \\"value\\": true
    },
    \\"aaa\\": {
      \\"type\\": \\"[function Array]\\",
      \\"value\\": [
        \\"1\\",
        2,
        true
      ]
    },
    \\"oo\\": {
      \\"type\\": \\"[function Object]\\",
      \\"value\\": {}
    }
  },
  \\"data\\": {
    \\"foo\\": \\"long-content\\"
  },
  \\"observers\\": {
    \\"ss, value, bbb, aaa, oo\\": \\"[function ss, value, bbb, aaa, oo]\\"
  },
  \\"lifetimes\\": {
    \\"created\\": \\"[function ]\\",
    \\"detached\\": \\"[function ]\\"
  },
  \\"methods\\": {}
}"
`;
